// Jest Snapshot v1, https://goo.gl/fbAQLP

exports[`BackButton renders without error 1`] = `
<View
  cancelable={true}
  disabled={false}
  focusable={true}
  hitSlop={[Function]}
  minPressDuration={0}
  onBlur={[Function]}
  onFocus={[Function]}
  onMouseEnter={[Function]}
  onMouseLeave={[Function]}
  onPress={[Function]}
  onPressIn={[Function]}
  onPressOut={[Function]}
  style={
    {
      "alignItems": "center",
      "flexDirection": "column",
      "opacity": 1,
      "transform": [
        {
          "scale": 1,
        },
      ],
    }
  }
  testID="buttons/back-button"
>
  <View
    style={
      {
        "alignItems": "center",
        "flexDirection": "row",
        "gap": 8,
      }
    }
  >
    <View
      style={
        {
          "alignItems": "center",
          "borderBottomLeftRadius": 999999,
          "borderBottomRightRadius": 999999,
          "borderTopLeftRadius": 999999,
          "borderTopRightRadius": 999999,
          "flexDirection": "column",
          "justifyContent": "center",
          "transform": [
            {
              "rotate": "0deg",
            },
          ],
        }
      }
    >
      <RNSVGSvgView
        align="xMidYMid"
        bbHeight="24"
        bbWidth="24"
        fill="none"
        focusable={false}
        meetOrSlice={0}
        minX={0}
        minY={0}
        stroke="currentColor"
        strokeWidth={8}
        style={
          [
            {
              "backgroundColor": "transparent",
              "borderWidth": 0,
            },
            {
              "color": "#7D7D7D",
              "height": 24,
              "width": 24,
            },
            {
              "flex": 0,
              "height": 24,
              "width": 24,
            },
          ]
        }
        tintColor="#7D7D7D"
        vbHeight={24}
        vbWidth={24}
      >
        <RNSVGGroup
          fill={null}
          propList={
            [
              "fill",
              "stroke",
              "strokeWidth",
            ]
          }
          stroke={
            {
              "type": 2,
            }
          }
          strokeWidth="8"
        >
          <RNSVGPath
            d="M15 6L9 12L15 18"
            fill={
              {
                "payload": 4278190080,
                "type": 0,
              }
            }
            propList={
              [
                "stroke",
                "strokeWidth",
                "strokeLinecap",
                "strokeLinejoin",
              ]
            }
            stroke={
              {
                "type": 2,
              }
            }
            strokeLinecap={1}
            strokeLinejoin={1}
            strokeWidth="3"
          />
        </RNSVGGroup>
      </RNSVGSvgView>
    </View>
    <Text
      allowFontScaling={true}
      maxFontSizeMultiplier={1.4}
      style={
        {
          "color": "#7D7D7D",
          "fontFamily": "Basel-Book",
          "fontSize": 19,
          "lineHeight": 24,
        }
      }
      suppressHighlighting={true}
    >
      Back
    </Text>
  </View>
</View>
`;
