// Jest Snapshot v1, https://goo.gl/fbAQLP

exports[`GenericImportForm renders a placeholder when there is no value 1`] = `
<View
  onStartShouldSetResponder={[Function]}
  onTouchEnd={[Function]}
  style={
    {
      "flexDirection": "column",
      "gap": 12,
    }
  }
>
  <View
    style={
      {
        "backgroundColor": "#FFFFFF",
        "borderBottomColor": "#2222220D",
        "borderBottomLeftRadius": 20,
        "borderBottomRightRadius": 20,
        "borderBottomWidth": 1,
        "borderLeftColor": "#2222220D",
        "borderLeftWidth": 1,
        "borderRightColor": "#2222220D",
        "borderRightWidth": 1,
        "borderStyle": "solid",
        "borderTopColor": "#2222220D",
        "borderTopLeftRadius": 20,
        "borderTopRightRadius": 20,
        "borderTopWidth": 1,
        "flexDirection": "column",
        "flexShrink": 1,
        "minHeight": 120,
        "paddingBottom": 16,
        "paddingLeft": 24,
        "paddingRight": 24,
        "paddingTop": 16,
        "width": "100%",
      }
    }
  >
    <View
      style={
        {
          "alignItems": "flex-end",
          "flexDirection": "row",
          "justifyContent": "center",
          "width": "100%",
        }
      }
    >
      <TextInput
        autoCapitalize="none"
        autoComplete="off"
        autoCorrect={false}
        autoFocus={true}
        blurOnSubmit={false}
        focusVisibleStyle={{}}
        focusable={true}
        maxFontSizeMultiplier={1.4}
        multiline={true}
        onBlur={[Function]}
        onChangeText={[Function]}
        onFocus={[Function]}
        onSubmitEditing={[Function]}
        placeholderTextColor="#CECECE"
        returnKeyType="done"
        scrollEnabled={false}
        selectionColor="#222222"
        spellCheck={false}
        style={
          {
            "backgroundColor": "transparent",
            "borderBottomColor": "transparent",
            "borderBottomLeftRadius": 12,
            "borderBottomRightRadius": 12,
            "borderBottomWidth": 1,
            "borderLeftColor": "transparent",
            "borderLeftWidth": 1,
            "borderRightColor": "transparent",
            "borderRightWidth": 1,
            "borderStyle": "solid",
            "borderTopColor": "transparent",
            "borderTopLeftRadius": 12,
            "borderTopRightRadius": 12,
            "borderTopWidth": 1,
            "color": "#222222",
            "fontFamily": "Basel-Book",
            "fontSize": 17,
            "height": "auto",
            "justifyContent": "center",
            "lineHeight": 17,
            "minWidth": 0,
            "paddingBottom": 0,
            "paddingLeft": 0,
            "paddingRight": 0,
            "paddingTop": 0,
            "textAlign": "left",
            "width": 8,
          }
        }
        testID="import-account-input"
        textAlignVertical="bottom"
      />
    </View>
    <View
      onLayout={[Function]}
      style={
        {
          "alignItems": "center",
          "flexDirection": "row",
          "flexGrow": 1,
          "gap": 8,
          "paddingLeft": 24,
          "paddingRight": 24,
          "paddingTop": 16,
          "position": "absolute",
          "width": "100%",
        }
      }
    >
      <Text
        adjustsFontSizeToFit={true}
        allowFontScaling={true}
        maxFontSizeMultiplier={1.4}
        numberOfLines={1}
        style={
          {
            "color": "#7D7D7D",
            "flexShrink": 1,
            "fontFamily": "Basel-Book",
            "fontSize": 17,
            "lineHeight": 24,
          }
        }
        suppressHighlighting={true}
      >
        seed phrase
      </Text>
    </View>
    <View
      style={
        {
          "alignItems": "center",
          "flexDirection": "column",
          "justifyContent": "center",
          "width": "100%",
        }
      }
    >
      <View
        style={
          {
            "flexDirection": "column",
            "paddingTop": 64,
            "position": "absolute",
            "top": 0,
          }
        }
      >
        <View
          cancelable={true}
          disabled={false}
          focusable={true}
          hitSlop={[Function]}
          minPressDuration={0}
          onBlur={[Function]}
          onFocus={[Function]}
          onMouseEnter={[Function]}
          onMouseLeave={[Function]}
          onPress={[Function]}
          onPressIn={[Function]}
          onPressOut={[Function]}
          style={
            {
              "backgroundColor": "#FFEFFF",
              "borderBottomLeftRadius": 12,
              "borderBottomRightRadius": 12,
              "borderTopLeftRadius": 12,
              "borderTopRightRadius": 12,
              "flexDirection": "column",
              "opacity": 1,
              "paddingBottom": 8,
              "paddingLeft": 8,
              "paddingRight": 8,
              "paddingTop": 8,
              "transform": [
                {
                  "scale": 1,
                },
              ],
            }
          }
        >
          <View
            style={
              {
                "alignItems": "center",
                "flexDirection": "row",
                "gap": 4,
                "justifyContent": "center",
              }
            }
          >
            <Text
              allowFontScaling={true}
              maxFontSizeMultiplier={1.2}
              style={
                {
                  "color": "#FC72FF",
                  "fontFamily": "Basel-Medium",
                  "fontSize": 15,
                  "fontWeight": "500",
                  "lineHeight": 16,
                }
              }
              suppressHighlighting={true}
            >
              Paste
            </Text>
            <RNSVGSvgView
              align="xMidYMid"
              bbHeight="16"
              bbWidth="16"
              fill="currentColor"
              focusable={false}
              meetOrSlice={0}
              minX={0}
              minY={0}
              strokeWidth={8}
              style={
                [
                  {
                    "backgroundColor": "transparent",
                    "borderWidth": 0,
                  },
                  {
                    "color": "#FC72FF",
                    "height": 16,
                    "width": 16,
                  },
                  {
                    "flex": 0,
                    "height": 16,
                    "width": 16,
                  },
                ]
              }
              tintColor="#FC72FF"
              vbHeight={16}
              vbWidth={16}
            >
              <RNSVGGroup
                fill={
                  {
                    "type": 2,
                  }
                }
                propList={
                  [
                    "fill",
                    "strokeWidth",
                  ]
                }
                strokeWidth="8"
              >
                <RNSVGPath
                  d="M14 4.24666V8.56665C14 8.71332 13.9866 8.86 13.9533 9H11.2533C10.0066 9 9 10.0067 9 11.2533V13.9534C8.86 13.9867 8.7134 14 8.56673 14H4.25326C2.74659 14 2 13.2467 2 11.7467V4.24666C2 2.74666 2.74659 2 4.25326 2H11.7467C13.2534 2 14 2.74666 14 4.24666ZM10 11.2533V13.48C10.06 13.44 10.1067 13.3933 10.16 13.34L13.34 10.16C13.3933 10.1067 13.44 10.06 13.48 10H11.2533C10.5599 10 10 10.56 10 11.2533Z"
                  fill={
                    {
                      "type": 2,
                    }
                  }
                  propList={
                    [
                      "fill",
                    ]
                  }
                />
              </RNSVGGroup>
            </RNSVGSvgView>
          </View>
        </View>
      </View>
    </View>
  </View>
  <View
    style={
      {
        "flexDirection": "column",
      }
    }
  />
</View>
`;
