// Jest Snapshot v1, https://goo.gl/fbAQLP

exports[`should inject metadata for collections 1`] = `
"<!DOCTYPE html>
<html translate="no">
  <head>
    <meta charset="utf-8" />

    <title>Uniswap Interface</title>

    <!--
       will be replaced with the URL of the \`public\` folder during build.
      Only files inside the \`public\` folder can be referenced from the HTML.
    -->
    <link rel="shortcut icon" type="image/png" href="/favicon.png" />
    <link rel="apple-touch-icon" sizes="192x192" href="/images/192x192_App_Icon.png" />
    <link rel="apple-touch-icon" sizes="512x512" href="/images/512x512_App_Icon.png" />

    <meta name="viewport" content="width=device-width, initial-scale=1.0, maximum-scale=1.0, user-scalable=no" />
    <meta name="theme-color" content="#fff" />
    
    <meta
      http-equiv="Content-Security-Policy" 
      content="default-src 'self'; script-src 'self' 'unsafe-eval' 'wasm-unsafe-eval' 'unsafe-inline' https://www.google-analytics.com https://www.googletagmanager.com https://translate.googleapis.com/ https://vercel.live/ https://vercel.com data:; style-src 'self' 'unsafe-inline' 'unsafe-eval'; img-src * 'self' https://i.seadn.io/ https://cdn.center.app/ https://raw.githubusercontent.com/ https://assets.coingecko.com/ https://static.optimism.io/ https://ethereum-optimism.github.io/ https://explorer-api.walletconnect.com/ https://s2.coinmarketcap.com/ https://openseauserdata.com/ https://raw.seadn.io/ https://lh3.googleusercontent.com/ https://vercel.live/ https://vercel.com data: blob:; frame-src 'self' https://verify.walletconnect.com/ https://verify.walletconnect.org/ https://buy.moonpay.com/ https://vercel.live/ https://vercel.com; connect-src * 'self' https://api.uniswap.org https://interface.gateway.uniswap.org https://o1037921.ingest.sentry.io https://mainnet.infura.io https://cloudflare-ipfs.com https://raw.githubusercontent.com https://tokens.coingecko.com https://bridge.arbitrum.io https://static.optimism.io https://celo-org.github.io https://www.gemini.com https://tokenlist.arbitrum.io https://gateway.ipfs.io/ https://arbitrum-mainnet.infura.io/ https://optimism-mainnet.infura.io/ https://polygon-mainnet.infura.io/ https://base-mainnet.infura.io/ https://avalanche-mainnet.infura.io/ https://forno.celo.org/ wss://www.walletlink.org/rpc https://explorer-api.walletconnect.com wss://relay.walletconnect.com/ https://temp.api.uniswap.org/ https://us-central1-uniswap-mobile.cloudfunctions.net/ https://ultra-blue-flower.quiknode.pro https://api.thegraph.com/ https://api.moonpay.com/ https://old-wispy-arrow.bsc.quiknode.pro/ https://vercel.live/ https://vercel.com data: blob:; worker-src * 'self' blob:;"
    >
    
    <!-- 
      Apple Smart App Banner for Safari on iOS
      https://developer.apple.com/documentation/webkit/promoting_apps_with_smart_app_banners
     -->
    <meta name="apple-itunes-app" content="app-id=6443944476">

    <!--
      manifest.json provides metadata used when the app is installed as a PWA.
      See https://developers.google.com/web/fundamentals/web-app-manifest/
    -->
    <link rel="manifest" href="/manifest.json" />

    <link rel="preconnect" href="https://api.uniswap.org/" crossorigin/>
    <link rel="preconnect" href="https://mainnet.infura.io/" crossorigin/>

    <link rel="preload" href="/fonts/Basel-Book.woff" as="font" type="font/woff" crossorigin />
    <link rel="preload" href="/fonts/Basel-Book.woff2" as="font" type="font/woff2" crossorigin />
    <link rel="preload" href="/fonts/Basel-Medium.woff" as="font" type="font/woff" crossorigin />
    <link rel="preload" href="/fonts/Basel-Medium.woff2" as="font" type="font/woff2" crossorigin />
   
    <style>
      * {
        font-family: 'Basel', sans-serif;
        box-sizing: border-box;
      }

      /**
          Explicitly load Basel var from public/ so it does not block LCP's critical path.
        */
      @font-face {
        font-family: 'Basel';
        font-weight: 535;
        font-style: normal;
        font-display: block;
        src: 
          url('/fonts/Basel-Medium.woff2') format('woff2'),
          url('/fonts/Basel-Medium.woff') format('woff');
      }

      @font-face {
        font-family: 'Basel';
        font-weight: 485;
        font-style: normal;
        font-display: block;
        src: 
          url('/fonts/Basel-Book.woff') format('woff2'),
          url('/fonts/Basel-Book.woff') format('woff');
      }

      @supports (font-variation-settings: normal) {
        * {
          font-family: 'Basel', sans-serif;
        }
      }

      html,
      body {
        margin: 0;
        padding: 0;
      }

      button {
        user-select: none;
      }

      html {
        font-size: 16px;
        font-weight: 485;
        font-variant: none;
        font-smooth: always;
        text-rendering: optimizeLegibility !important;
        -webkit-font-smoothing: antialiased !important;
        -moz-osx-font-smoothing: grayscale;
        -webkit-tap-highlight-color: rgba(0, 0, 0, 0);
      }

      /* Use this to apply network-specific gradient backgrounds, in RadialGradientByChainUpdater.ts */
      #background-radial-gradient {
        position: fixed;
        top: 0;
        left: 0;
        right: 0;
        pointer-events: none;
        width: 200vw;
        height: 200vh;
        transform: translate(-50vw, -100vh);
        z-index: -1;
      }

      html,
      body,
      #root {
        min-height: 100%;
      }

      @media (prefers-color-scheme: dark) {
        html {
          background: linear-gradient(rgb(19, 19, 19) 0%, rgb(19, 19, 19) 100%);
        }
      }

      @media (prefers-color-scheme: light) {
        html {
          background: radial-gradient(100% 100% at 50% 0%, rgba(255, 184, 226, 0) 0%, rgba(255, 255, 255, 0) 100%), rgb(255, 255, 255);
        }
      }
    </style>
  <script defer src="/static/js/bundle.js"></script><meta property="og:title" content="Azuki on Uniswap"/><meta property="og:image" content="http://127.0.0.1:3000/api/image/nfts/collection/0xed5af388653567af2f388e6224dc7c4b3241c544"/><meta property="og:image:width" content="1200"/><meta property="og:image:height" content="630"/><meta property="og:image:alt" content="Azuki on Uniswap"/><meta property="og:type" content="website"/><meta property="og:url" content="http://127.0.0.1:3000/nfts/collection/0xed5af388653567af2f388e6224dc7c4b3241c544"/><meta property="twitter:card" content="summary_large_image"/><meta property="twitter:title" content="Azuki on Uniswap"/><meta property="twitter:image" content="http://127.0.0.1:3000/api/image/nfts/collection/0xed5af388653567af2f388e6224dc7c4b3241c544"/><meta property="twitter:image:alt" content="Azuki on Uniswap"/></head>

  <body>
    <noscript>You need to enable JavaScript to run this app.</noscript>

    <div id="root">
      <!-- Triggers the font to load immediately and then is replaced by the app -->
      <div>&emsp;</div>
    </div>

    <div id="background-radial-gradient"></div>
  </body>
</html>
"
`;

exports[`should inject metadata for collections 2`] = `
"<!DOCTYPE html>
<html translate="no">
  <head>
    <meta charset="utf-8" />

    <title>Uniswap Interface</title>

    <!--
       will be replaced with the URL of the \`public\` folder during build.
      Only files inside the \`public\` folder can be referenced from the HTML.
    -->
    <link rel="shortcut icon" type="image/png" href="/favicon.png" />
    <link rel="apple-touch-icon" sizes="192x192" href="/images/192x192_App_Icon.png" />
    <link rel="apple-touch-icon" sizes="512x512" href="/images/512x512_App_Icon.png" />

    <meta name="viewport" content="width=device-width, initial-scale=1.0, maximum-scale=1.0, user-scalable=no" />
    <meta name="theme-color" content="#fff" />
    
    <meta
      http-equiv="Content-Security-Policy" 
      content="default-src 'self'; script-src 'self' 'unsafe-eval' 'wasm-unsafe-eval' 'unsafe-inline' https://www.google-analytics.com https://www.googletagmanager.com https://translate.googleapis.com/ https://vercel.live/ https://vercel.com data:; style-src 'self' 'unsafe-inline' 'unsafe-eval'; img-src * 'self' https://i.seadn.io/ https://cdn.center.app/ https://raw.githubusercontent.com/ https://assets.coingecko.com/ https://static.optimism.io/ https://ethereum-optimism.github.io/ https://explorer-api.walletconnect.com/ https://s2.coinmarketcap.com/ https://openseauserdata.com/ https://raw.seadn.io/ https://lh3.googleusercontent.com/ https://vercel.live/ https://vercel.com data: blob:; frame-src 'self' https://verify.walletconnect.com/ https://verify.walletconnect.org/ https://buy.moonpay.com/ https://vercel.live/ https://vercel.com; connect-src * 'self' https://api.uniswap.org https://interface.gateway.uniswap.org https://o1037921.ingest.sentry.io https://mainnet.infura.io https://cloudflare-ipfs.com https://raw.githubusercontent.com https://tokens.coingecko.com https://bridge.arbitrum.io https://static.optimism.io https://celo-org.github.io https://www.gemini.com https://tokenlist.arbitrum.io https://gateway.ipfs.io/ https://arbitrum-mainnet.infura.io/ https://optimism-mainnet.infura.io/ https://polygon-mainnet.infura.io/ https://base-mainnet.infura.io/ https://avalanche-mainnet.infura.io/ https://forno.celo.org/ wss://www.walletlink.org/rpc https://explorer-api.walletconnect.com wss://relay.walletconnect.com/ https://temp.api.uniswap.org/ https://us-central1-uniswap-mobile.cloudfunctions.net/ https://ultra-blue-flower.quiknode.pro https://api.thegraph.com/ https://api.moonpay.com/ https://old-wispy-arrow.bsc.quiknode.pro/ https://vercel.live/ https://vercel.com data: blob:; worker-src * 'self' blob:;"
    >
    
    <!-- 
      Apple Smart App Banner for Safari on iOS
      https://developer.apple.com/documentation/webkit/promoting_apps_with_smart_app_banners
     -->
    <meta name="apple-itunes-app" content="app-id=6443944476">

    <!--
      manifest.json provides metadata used when the app is installed as a PWA.
      See https://developers.google.com/web/fundamentals/web-app-manifest/
    -->
    <link rel="manifest" href="/manifest.json" />

    <link rel="preconnect" href="https://api.uniswap.org/" crossorigin/>
    <link rel="preconnect" href="https://mainnet.infura.io/" crossorigin/>

    <link rel="preload" href="/fonts/Basel-Book.woff" as="font" type="font/woff" crossorigin />
    <link rel="preload" href="/fonts/Basel-Book.woff2" as="font" type="font/woff2" crossorigin />
    <link rel="preload" href="/fonts/Basel-Medium.woff" as="font" type="font/woff" crossorigin />
    <link rel="preload" href="/fonts/Basel-Medium.woff2" as="font" type="font/woff2" crossorigin />
   
    <style>
      * {
        font-family: 'Basel', sans-serif;
        box-sizing: border-box;
      }

      /**
          Explicitly load Basel var from public/ so it does not block LCP's critical path.
        */
      @font-face {
        font-family: 'Basel';
        font-weight: 535;
        font-style: normal;
        font-display: block;
        src: 
          url('/fonts/Basel-Medium.woff2') format('woff2'),
          url('/fonts/Basel-Medium.woff') format('woff');
      }

      @font-face {
        font-family: 'Basel';
        font-weight: 485;
        font-style: normal;
        font-display: block;
        src: 
          url('/fonts/Basel-Book.woff') format('woff2'),
          url('/fonts/Basel-Book.woff') format('woff');
      }

      @supports (font-variation-settings: normal) {
        * {
          font-family: 'Basel', sans-serif;
        }
      }

      html,
      body {
        margin: 0;
        padding: 0;
      }

      button {
        user-select: none;
      }

      html {
        font-size: 16px;
        font-weight: 485;
        font-variant: none;
        font-smooth: always;
        text-rendering: optimizeLegibility !important;
        -webkit-font-smoothing: antialiased !important;
        -moz-osx-font-smoothing: grayscale;
        -webkit-tap-highlight-color: rgba(0, 0, 0, 0);
      }

      /* Use this to apply network-specific gradient backgrounds, in RadialGradientByChainUpdater.ts */
      #background-radial-gradient {
        position: fixed;
        top: 0;
        left: 0;
        right: 0;
        pointer-events: none;
        width: 200vw;
        height: 200vh;
        transform: translate(-50vw, -100vh);
        z-index: -1;
      }

      html,
      body,
      #root {
        min-height: 100%;
      }

      @media (prefers-color-scheme: dark) {
        html {
          background: linear-gradient(rgb(19, 19, 19) 0%, rgb(19, 19, 19) 100%);
        }
      }

      @media (prefers-color-scheme: light) {
        html {
          background: radial-gradient(100% 100% at 50% 0%, rgba(255, 184, 226, 0) 0%, rgba(255, 255, 255, 0) 100%), rgb(255, 255, 255);
        }
      }
    </style>
  <script defer src="/static/js/bundle.js"></script><meta property="og:title" content="Bored Ape Yacht Club on Uniswap"/><meta property="og:image" content="http://127.0.0.1:3000/api/image/nfts/collection/0xbc4ca0eda7647a8ab7c2061c2e118a18a936f13d"/><meta property="og:image:width" content="1200"/><meta property="og:image:height" content="630"/><meta property="og:image:alt" content="Bored Ape Yacht Club on Uniswap"/><meta property="og:type" content="website"/><meta property="og:url" content="http://127.0.0.1:3000/nfts/collection/0xbc4ca0eda7647a8ab7c2061c2e118a18a936f13d"/><meta property="twitter:card" content="summary_large_image"/><meta property="twitter:title" content="Bored Ape Yacht Club on Uniswap"/><meta property="twitter:image" content="http://127.0.0.1:3000/api/image/nfts/collection/0xbc4ca0eda7647a8ab7c2061c2e118a18a936f13d"/><meta property="twitter:image:alt" content="Bored Ape Yacht Club on Uniswap"/></head>

  <body>
    <noscript>You need to enable JavaScript to run this app.</noscript>

    <div id="root">
      <!-- Triggers the font to load immediately and then is replaced by the app -->
      <div>&emsp;</div>
    </div>

    <div id="background-radial-gradient"></div>
  </body>
</html>
"
`;

exports[`should inject metadata for collections 3`] = `
"<!DOCTYPE html>
<html translate="no">
  <head>
    <meta charset="utf-8" />

    <title>Uniswap Interface</title>

    <!--
       will be replaced with the URL of the \`public\` folder during build.
      Only files inside the \`public\` folder can be referenced from the HTML.
    -->
    <link rel="shortcut icon" type="image/png" href="/favicon.png" />
    <link rel="apple-touch-icon" sizes="192x192" href="/images/192x192_App_Icon.png" />
    <link rel="apple-touch-icon" sizes="512x512" href="/images/512x512_App_Icon.png" />

    <meta name="viewport" content="width=device-width, initial-scale=1.0, maximum-scale=1.0, user-scalable=no" />
    <meta name="theme-color" content="#fff" />
    
    <meta
      http-equiv="Content-Security-Policy" 
      content="default-src 'self'; script-src 'self' 'unsafe-eval' 'wasm-unsafe-eval' 'unsafe-inline' https://www.google-analytics.com https://www.googletagmanager.com https://translate.googleapis.com/ https://vercel.live/ https://vercel.com data:; style-src 'self' 'unsafe-inline' 'unsafe-eval'; img-src * 'self' https://i.seadn.io/ https://cdn.center.app/ https://raw.githubusercontent.com/ https://assets.coingecko.com/ https://static.optimism.io/ https://ethereum-optimism.github.io/ https://explorer-api.walletconnect.com/ https://s2.coinmarketcap.com/ https://openseauserdata.com/ https://raw.seadn.io/ https://lh3.googleusercontent.com/ https://vercel.live/ https://vercel.com data: blob:; frame-src 'self' https://verify.walletconnect.com/ https://verify.walletconnect.org/ https://buy.moonpay.com/ https://vercel.live/ https://vercel.com; connect-src * 'self' https://api.uniswap.org https://interface.gateway.uniswap.org https://o1037921.ingest.sentry.io https://mainnet.infura.io https://cloudflare-ipfs.com https://raw.githubusercontent.com https://tokens.coingecko.com https://bridge.arbitrum.io https://static.optimism.io https://celo-org.github.io https://www.gemini.com https://tokenlist.arbitrum.io https://gateway.ipfs.io/ https://arbitrum-mainnet.infura.io/ https://optimism-mainnet.infura.io/ https://polygon-mainnet.infura.io/ https://base-mainnet.infura.io/ https://avalanche-mainnet.infura.io/ https://forno.celo.org/ wss://www.walletlink.org/rpc https://explorer-api.walletconnect.com wss://relay.walletconnect.com/ https://temp.api.uniswap.org/ https://us-central1-uniswap-mobile.cloudfunctions.net/ https://ultra-blue-flower.quiknode.pro https://api.thegraph.com/ https://api.moonpay.com/ https://old-wispy-arrow.bsc.quiknode.pro/ https://vercel.live/ https://vercel.com data: blob:; worker-src * 'self' blob:;"
    >
    
    <!-- 
      Apple Smart App Banner for Safari on iOS
      https://developer.apple.com/documentation/webkit/promoting_apps_with_smart_app_banners
     -->
    <meta name="apple-itunes-app" content="app-id=6443944476">

    <!--
      manifest.json provides metadata used when the app is installed as a PWA.
      See https://developers.google.com/web/fundamentals/web-app-manifest/
    -->
    <link rel="manifest" href="/manifest.json" />

    <link rel="preconnect" href="https://api.uniswap.org/" crossorigin/>
    <link rel="preconnect" href="https://mainnet.infura.io/" crossorigin/>

    <link rel="preload" href="/fonts/Basel-Book.woff" as="font" type="font/woff" crossorigin />
    <link rel="preload" href="/fonts/Basel-Book.woff2" as="font" type="font/woff2" crossorigin />
    <link rel="preload" href="/fonts/Basel-Medium.woff" as="font" type="font/woff" crossorigin />
    <link rel="preload" href="/fonts/Basel-Medium.woff2" as="font" type="font/woff2" crossorigin />
   
    <style>
      * {
        font-family: 'Basel', sans-serif;
        box-sizing: border-box;
      }

      /**
          Explicitly load Basel var from public/ so it does not block LCP's critical path.
        */
      @font-face {
        font-family: 'Basel';
        font-weight: 535;
        font-style: normal;
        font-display: block;
        src: 
          url('/fonts/Basel-Medium.woff2') format('woff2'),
          url('/fonts/Basel-Medium.woff') format('woff');
      }

      @font-face {
        font-family: 'Basel';
        font-weight: 485;
        font-style: normal;
        font-display: block;
        src: 
          url('/fonts/Basel-Book.woff') format('woff2'),
          url('/fonts/Basel-Book.woff') format('woff');
      }

      @supports (font-variation-settings: normal) {
        * {
          font-family: 'Basel', sans-serif;
        }
      }

      html,
      body {
        margin: 0;
        padding: 0;
      }

      button {
        user-select: none;
      }

      html {
        font-size: 16px;
        font-weight: 485;
        font-variant: none;
        font-smooth: always;
        text-rendering: optimizeLegibility !important;
        -webkit-font-smoothing: antialiased !important;
        -moz-osx-font-smoothing: grayscale;
        -webkit-tap-highlight-color: rgba(0, 0, 0, 0);
      }

      /* Use this to apply network-specific gradient backgrounds, in RadialGradientByChainUpdater.ts */
      #background-radial-gradient {
        position: fixed;
        top: 0;
        left: 0;
        right: 0;
        pointer-events: none;
        width: 200vw;
        height: 200vh;
        transform: translate(-50vw, -100vh);
        z-index: -1;
      }

      html,
      body,
      #root {
        min-height: 100%;
      }

      @media (prefers-color-scheme: dark) {
        html {
          background: linear-gradient(rgb(19, 19, 19) 0%, rgb(19, 19, 19) 100%);
        }
      }

      @media (prefers-color-scheme: light) {
        html {
          background: radial-gradient(100% 100% at 50% 0%, rgba(255, 184, 226, 0) 0%, rgba(255, 255, 255, 0) 100%), rgb(255, 255, 255);
        }
      }
    </style>
  <script defer src="/static/js/bundle.js"></script><meta property="og:title" content="CLONE X - X TAKASHI MURAKAMI on Uniswap"/><meta property="og:image" content="http://127.0.0.1:3000/api/image/nfts/collection/0x49cf6f5d44e70224e2e23fdcdd2c053f30ada28b"/><meta property="og:image:width" content="1200"/><meta property="og:image:height" content="630"/><meta property="og:image:alt" content="CLONE X - X TAKASHI MURAKAMI on Uniswap"/><meta property="og:type" content="website"/><meta property="og:url" content="http://127.0.0.1:3000/nfts/collection/0x49cf6f5d44e70224e2e23fdcdd2c053f30ada28b"/><meta property="twitter:card" content="summary_large_image"/><meta property="twitter:title" content="CLONE X - X TAKASHI MURAKAMI on Uniswap"/><meta property="twitter:image" content="http://127.0.0.1:3000/api/image/nfts/collection/0x49cf6f5d44e70224e2e23fdcdd2c053f30ada28b"/><meta property="twitter:image:alt" content="CLONE X - X TAKASHI MURAKAMI on Uniswap"/></head>

  <body>
    <noscript>You need to enable JavaScript to run this app.</noscript>

    <div id="root">
      <!-- Triggers the font to load immediately and then is replaced by the app -->
      <div>&emsp;</div>
    </div>

    <div id="background-radial-gradient"></div>
  </body>
</html>
"
`;
