// Jest Snapshot v1, https://goo.gl/fbAQLP

exports[`useScreenSize returns the right initial value based on breakpoints 1`] = `
Object {
  "all": Array [
    Object {
      "lg": false,
      "md": true,
      "navSearchInputVisible": false,
      "sm": true,
      "xl": false,
      "xs": true,
      "xxl": false,
      "xxxl": false,
    },
  ],
  "current": Object {
    "lg": false,
    "md": true,
    "navSearchInputVisible": false,
    "sm": true,
    "xl": false,
    "xs": true,
    "xxl": false,
    "xxxl": false,
  },
  "error": undefined,
}
`;
