// Jest Snapshot v1, https://goo.gl/fbAQLP

exports[`ActionSheetDropdown should render 1`] = `
<View
  accessibilityState={
    {
      "busy": undefined,
      "checked": undefined,
      "disabled": undefined,
      "expanded": undefined,
      "selected": undefined,
    }
  }
  accessibilityValue={
    {
      "max": undefined,
      "min": undefined,
      "now": undefined,
      "text": undefined,
    }
  }
  accessible={true}
  collapsable={false}
  focusable={true}
  hitSlop={
    {
      "bottom": 5,
      "left": 5,
      "right": 5,
      "top": 5,
    }
  }
  onClick={[Function]}
  onResponderGrant={[Function]}
  onResponderMove={[Function]}
  onResponderRelease={[Function]}
  onResponderTerminate={[Function]}
  onResponderTerminationRequest={[Function]}
  onStartShouldSetResponder={[Function]}
  style={
    {
      "opacity": 1,
      "paddingBottom": 8,
      "paddingTop": 8,
    }
  }
>
  <View
    collapsable={false}
    testID="dropdown-toggle"
  />
</View>
`;
